================================================================
CirrMRI600+ -- BIDSify (T1w + T2w, combined splits)
================================================================
  T1: 310 cases (across train/valid/test)
  T2: 318 cases (across train/valid/test)
  337 unique patients total
    CR003 done (T2)
    CR004 done (T1+T2)
    CR005 done (T1+T2)
    CR008 done (T1+T2)
    CR009 done (T1+T2)
    CR010 done (T1+T2)
    CR012 done (T1+T2)
    CR013 done (T1)
    CR017 done (T1+T2)
    CR018 done (T2)
    CR019 done (T1+T2)
    CR020 done (T1+T2)
    CR021 done (T1)
    CR022 done (T2)
    CR023 done (T1+T2)
    CR024 done (T1+T2)
    CR025 done (T1+T2)
    CR026 done (T1+T2)
    CR027 done (T1+T2)
    CR028 done (T1+T2)
    CR029 done (T1+T2)
    CR031 done (T1+T2)
    CR035 done (T1+T2)
    CR037 done (T1+T2)
    CR038 done (T1+T2)
    CR039 done (T1)
    CR040 done (T1+T2)
    CR042 done (T1+T2)
    CR043 done (T1+T2)
    CR044 done (T1+T2)
    CR046 done (T1+T2)
    CR047 done (T1+T2)
    CR048 done (T1+T2)
    CR050 done (T1+T2)
    CR051 done (T1+T2)
    CR053 done (T1+T2)
    CR056 done (T1+T2)
    CR058 done (T1+T2)
    CR060 done (T1+T2)
    CR062 done (T1+T2)
    CR063 done (T1+T2)
    CR064 done (T1+T2)
    CR065 done (T1+T2)
    CR068 done (T1+T2)
    CR069 done (T1+T2)
    CR072 done (T1+T2)
    CR073 done (T1+T2)
    CR074 done (T1+T2)
    CR076 done (T1+T2)
    CR077 done (T1+T2)
    CR078 done (T1+T2)
    CR079 done (T2)
    CR080 done (T1+T2)
    CR081 done (T1+T2)
    CR082 done (T1+T2)
    CR084 done (T1+T2)
    CR085 done (T1+T2)
    CR088 done (T1+T2)
    CR089 done (T1+T2)
    CR091 done (T1+T2)
    CR092 done (T1+T2)
    CR093 done (T1+T2)
    CR094 done (T1+T2)
    CR095 done (T1+T2)
    CR096 done (T1+T2)
    CR098 done (T1)
    CR099 done (T2)
    CR100 done (T1+T2)
    CR101 done (T1)
    CR102 done (T1+T2)
    CR103 done (T1+T2)
    CR105 done (T1+T2)
    CR106 done (T1+T2)
    CR108 done (T1+T2)
    CR109 done (T1+T2)
    CR110 done (T2)
    CR111 done (T1+T2)
    CR112 done (T1+T2)
    CR114 done (T1+T2)
    CR115 done (T1+T2)
    CR116 done (T2)
    CR117 done (T1+T2)
    CR118 done (T1+T2)
    CR119 done (T1+T2)
    CR120 done (T1+T2)
    CR121 done (T2)
    CR123 done (T1+T2)
    CR124 done (T1)
    CR125 done (T1+T2)
    CR126 done (T1+T2)
    CR127 done (T1+T2)
    CR128 done (T1+T2)
    CR129 done (T1+T2)
    CR130 done (T1+T2)
    CR131 done (T1+T2)
    CR135 done (T1+T2)
    CR136 done (T2)
    CR137 done (T1+T2)
    CR140 done (T1+T2)
    CR141 done (T1+T2)
    CR142 done (T1+T2)
    CR143 done (T1+T2)
    CR144 done (T1+T2)
    CR145 done (T2)
    CR146 done (T1+T2)
    CR147 done (T1+T2)
    CR149 done (T1+T2)
    CR150 done (T1+T2)
    CR152 done (T1+T2)
    CR153 done (T1+T2)
    CR154 done (T1+T2)
    CR155 done (T1+T2)
    CR157 done (T1+T2)
    CR158 done (T1+T2)
    CR159 done (T1)
    CR160 done (T1+T2)
    CR161 done (T1+T2)
    CR162 done (T1+T2)
    CR163 done (T1+T2)
    CR164 done (T1+T2)
    CR165 done (T1+T2)
    CR168 done (T1+T2)
    CR169 done (T1+T2)
    CR171 done (T1)
    CR172 done (T1+T2)
    CR173 done (T2)
    CR174 done (T1+T2)
    CR175 done (T1+T2)
    CR177 done (T1+T2)
    CR178 done (T1+T2)
    CR179 done (T1+T2)
    CR180 done (T1+T2)
    CR182 done (T1+T2)
    CR184 done (T1+T2)
    CR186 done (T1+T2)
    CR187 done (T1+T2)
    CR189 done (T1+T2)
    CR191 done (T1+T2)
    CR192 done (T1+T2)
    CR193 done (T1+T2)
    CR194 done (T2)
    CR195 done (T1+T2)
    CR196 done (T1+T2)
    CR197 done (T1)
    CR198 done (T1+T2)
    CR199 done (T1+T2)
    CR200 done (T1+T2)
    CR201 done (T1+T2)
    CR203 done (T1)
    CR204 done (T1+T2)
    CR207 done (T1)
    CR208 done (T1+T2)
    CR209 done (T1+T2)
    CR210 done (T1)
    CR211 done (T1+T2)
    CR213 done (T1+T2)
    CR214 done (T1+T2)
    CR218 done (T2)
    CR227 done (T1+T2)
    CR229 done (T1+T2)
    CR230 done (T1+T2)
    CR244 done (T1+T2)
    CR245 done (T1+T2)
    CR246 done (T2)
    CR247 done (T1+T2)
    CR248 done (T2)
    CR249 done (T1+T2)
    CR250 done (T1+T2)
    CR252 done (T1+T2)
    CR253 done (T1+T2)
    CR254 done (T1+T2)
    CR255 done (T2)
    CR256 done (T1+T2)
    CR257 done (T1+T2)
    CR259 done (T1+T2)
    CR260 done (T1)
    CR261 done (T1+T2)
    CR262 done (T1+T2)
    CR263 done (T1+T2)
    CR264 done (T2)
    CR267 done (T1+T2)
    CR268 done (T1+T2)
    CR269 done (T1+T2)
    CR272 done (T1+T2)
    CR273 done (T1+T2)
    CR274 done (T1+T2)
    CR275 done (T1)
    CR277 done (T2)
    CR278 done (T1)
    CR279 done (T1)
    CR280 done (T1+T2)
    CR282 done (T1+T2)
    CR283 done (T1+T2)
    CR284 done (T1+T2)
    CR287 done (T1+T2)
    CR288 done (T1+T2)
    CR289 done (T1+T2)
    CR290 done (T1+T2)
    CR291 done (T1+T2)
    CR292 done (T1+T2)
    CR293 done (T1+T2)
    CR294 done (T1+T2)
    CR295 done (T1+T2)
    CR296 done (T1+T2)
    CR297 done (T1+T2)
    CR299 done (T1+T2)
    CR303 done (T1+T2)
    CR304 done (T1+T2)
    CR307 done (T1+T2)
    CR308 done (T1+T2)
    CR309 done (T1+T2)
    CR310 done (T1+T2)
    CR311 done (T1+T2)
    CR312 done (T1+T2)
    CR314 done (T1+T2)
    CR316 done (T1+T2)
    CR317 done (T1+T2)
    CR318 done (T1+T2)
    CR319 done (T1+T2)
    CR323 done (T1+T2)
    CR325 done (T1+T2)
    CR326 done (T1+T2)
    CR327 done (T1+T2)
    CR329 done (T1+T2)
    CR332 done (T1+T2)
    CR335 done (T1+T2)
    CR337 done (T1+T2)
    CR338 done (T1+T2)
    CR339 done (T1+T2)
    CR340 done (T1+T2)
    CR342 done (T1+T2)
    CR344 done (T1+T2)
    CR345 done (T1+T2)
    CR346 done (T1+T2)
    CR347 done (T1+T2)
    CR348 done (T2)
    CR351 done (T1+T2)
    CR352 done (T1+T2)
    CR353 done (T1+T2)
    CR354 done (T2)
    CR355 done (T1+T2)
    CR357 done (T2)
    CR360 done (T1)
    CR361 done (T1+T2)
    CR362 done (T1+T2)
    CR363 done (T1+T2)
    CR365 done (T1+T2)
    CR366 done (T1+T2)
    CR369 done (T1+T2)
    CR371 done (T1+T2)
    CR374 done (T1+T2)
    CR375 done (T1+T2)
    CR376 done (T1+T2)
    CR377 done (T1+T2)
    CR378 done (T1+T2)
    CR379 done (T1+T2)
    CR380 done (T1+T2)
    CR381 done (T1+T2)
    CR382 done (T1+T2)
    CR383 done (T1+T2)
    CR386 done (T1+T2)
    CR388 done (T1+T2)
    CR389 done (T1+T2)
    CR390 done (T1)
    CR391 done (T1+T2)
    CR392 done (T1+T2)
    CR393 done (T1+T2)
    CR394 done (T1+T2)
    CR396 done (T1+T2)
    CR397 done (T1+T2)
    CR399 done (T1+T2)
    CR400 done (T1+T2)
    CR401 done (T2)
    CR403 done (T1+T2)
    CR406 done (T1+T2)
    CR407 done (T1+T2)
    CR408 done (T1+T2)
    CR410 done (T1+T2)
    CR411 done (T1+T2)
    CR412 done (T1+T2)
    CR416 done (T1+T2)
    CR419 done (T1+T2)
    CR420 done (T1+T2)
    CR421 done (T1+T2)
    CR422 done (T1+T2)
    CR423 done (T1+T2)
    CR425 done (T1+T2)
    CR427 done (T1+T2)
    CR428 done (T1+T2)
    CR430 done (T1+T2)
    CR431 done (T1+T2)
    CR432 done (T1+T2)
    CR433 done (T1+T2)
    CR434 done (T1+T2)
    CR437 done (T1+T2)
    CR438 done (T2)
    CR439 done (T1+T2)
    CR441 done (T1+T2)
    CR442 done (T1+T2)
    CR443 done (T1+T2)
    CR445 done (T1+T2)
    CR446 done (T1+T2)
    CR447 done (T1+T2)
    CR448 done (T1+T2)
    CR449 done (T2)
    CR452 done (T1+T2)
    CR455 done (T1)
    CR458 done (T1+T2)
    CR459 done (T1+T2)
    CR460 done (T1+T2)
    CR463 done (T1+T2)
    CR464 done (T1+T2)
    CR471 done (T1+T2)
    CR472 done (T1+T2)
    CR479 done (T1+T2)
    CR481 done (T1+T2)
    CR482 done (T1+T2)
    CR483 done (T1+T2)
    CR486 done (T1+T2)
    CR487 done (T1+T2)
    CR488 done (T1+T2)
    CR489 done (T1+T2)
    CR490 done (T1+T2)
    CR492 done (T1+T2)
    CR493 done (T1+T2)
    CR495 done (T2)
    CR497 done (T1+T2)
    CR498 done (T2)
    CR500 done (T1+T2)
    CR501 done (T1+T2)
    CR502 done (T1+T2)
    CR506 done (T2)
    CR507 done (T1+T2)
    CR509 done (T1+T2)
    CR510 done (T1+T2)
    CR511 done (T1+T2)
    CR512 done (T1+T2)
  BIDSify done -> /project/aip-jcohen/paulh/mri_synthesis_project/datasets/cirrmri-liver/1_BIDS_cirrmri-liver/cirrmri-liver
