================================================================
CirrMRI600+ — Download (T1_3D + T2_3D) + extract
================================================================

Downloading -> /project/aip-jcohen/paulh/mri_synthesis_project/datasets/cirrmri-liver/0_raw_cirrmri-liver
  Cirrhosis_T1_3D.zip: already present -> /project/aip-jcohen/paulh/mri_synthesis_project/datasets/cirrmri-liver/0_raw_cirrmri-liver/Cirrhosis_T1_3D.zip
  downloading Cirrhosis_T2_3D.zip …
Traceback (most recent call last):
  File "/cvmfs/soft.computecanada.ca/gentoo/2023/x86-64-v3/usr/lib/python3.11/urllib/request.py", line 1348, in do_open
    h.request(req.get_method(), req.selector, req.data, headers,
  File "/cvmfs/soft.computecanada.ca/gentoo/2023/x86-64-v3/usr/lib/python3.11/http/client.py", line 1286, in request
    self._send_request(method, url, body, headers, encode_chunked)
  File "/cvmfs/soft.computecanada.ca/gentoo/2023/x86-64-v3/usr/lib/python3.11/http/client.py", line 1332, in _send_request
    self.endheaders(body, encode_chunked=encode_chunked)
  File "/cvmfs/soft.computecanada.ca/gentoo/2023/x86-64-v3/usr/lib/python3.11/http/client.py", line 1281, in endheaders
    self._send_output(message_body, encode_chunked=encode_chunked)
  File "/cvmfs/soft.computecanada.ca/gentoo/2023/x86-64-v3/usr/lib/python3.11/http/client.py", line 1041, in _send_output
    self.send(msg)
  File "/cvmfs/soft.computecanada.ca/gentoo/2023/x86-64-v3/usr/lib/python3.11/http/client.py", line 979, in send
    self.connect()
  File "/cvmfs/soft.computecanada.ca/gentoo/2023/x86-64-v3/usr/lib/python3.11/http/client.py", line 1451, in connect
    super().connect()
  File "/cvmfs/soft.computecanada.ca/gentoo/2023/x86-64-v3/usr/lib/python3.11/http/client.py", line 955, in connect
    self._tunnel()
  File "/cvmfs/soft.computecanada.ca/gentoo/2023/x86-64-v3/usr/lib/python3.11/http/client.py", line 926, in _tunnel
    raise OSError(f"Tunnel connection failed: {code} {message.strip()}")
OSError: Tunnel connection failed: 403 Forbidden

During handling of the above exception, another exception occurred:

Traceback (most recent call last):
  File "/project/aip-jcohen/paulh/mri_synthesis_project/datasets/cirrmri-liver/5_scripts_cirrmri-liver/00_utils/00_00_download.py", line 86, in <module>
    main()
  File "/project/aip-jcohen/paulh/mri_synthesis_project/datasets/cirrmri-liver/5_scripts_cirrmri-liver/00_utils/00_00_download.py", line 80, in main
    download(RAW_ROOT)
  File "/project/aip-jcohen/paulh/mri_synthesis_project/datasets/cirrmri-liver/5_scripts_cirrmri-liver/00_utils/00_00_download.py", line 52, in download
    urllib.request.urlretrieve(url, dst)
  File "/cvmfs/soft.computecanada.ca/gentoo/2023/x86-64-v3/usr/lib/python3.11/urllib/request.py", line 241, in urlretrieve
    with contextlib.closing(urlopen(url, data)) as fp:
                            ^^^^^^^^^^^^^^^^^^
  File "/cvmfs/soft.computecanada.ca/gentoo/2023/x86-64-v3/usr/lib/python3.11/urllib/request.py", line 216, in urlopen
    return opener.open(url, data, timeout)
           ^^^^^^^^^^^^^^^^^^^^^^^^^^^^^^^
  File "/cvmfs/soft.computecanada.ca/gentoo/2023/x86-64-v3/usr/lib/python3.11/urllib/request.py", line 519, in open
    response = self._open(req, data)
               ^^^^^^^^^^^^^^^^^^^^^
  File "/cvmfs/soft.computecanada.ca/gentoo/2023/x86-64-v3/usr/lib/python3.11/urllib/request.py", line 536, in _open
    result = self._call_chain(self.handle_open, protocol, protocol +
             ^^^^^^^^^^^^^^^^^^^^^^^^^^^^^^^^^^^^^^^^^^^^^^^^^^^^^^^
  File "/cvmfs/soft.computecanada.ca/gentoo/2023/x86-64-v3/usr/lib/python3.11/urllib/request.py", line 496, in _call_chain
    result = func(*args)
             ^^^^^^^^^^^
  File "/cvmfs/soft.computecanada.ca/gentoo/2023/x86-64-v3/usr/lib/python3.11/urllib/request.py", line 1391, in https_open
    return self.do_open(http.client.HTTPSConnection, req,
           ^^^^^^^^^^^^^^^^^^^^^^^^^^^^^^^^^^^^^^^^^^^^^^
  File "/cvmfs/soft.computecanada.ca/gentoo/2023/x86-64-v3/usr/lib/python3.11/urllib/request.py", line 1351, in do_open
    raise URLError(err)
urllib.error.URLError: <urlopen error Tunnel connection failed: 403 Forbidden>
